<html>
  <head>
    <title>Diagnostics diff: FUNCTION_CALL_EXPECTED</title>
    <meta charset="utf-8">
    <script src="https://cdnjs.cloudflare.com/ajax/libs/jquery/3.6.0/jquery.min.js" integrity="sha512-894YE6QWD5I59HgZOGReFYm4dnWc1Qt5NtvYSaNcOP+u1T9qYdvdihz0PPSiiqn/+/3e7Jo4EaG7TubfWGUrMQ==" crossorigin="anonymous"></script>
    <link rel="stylesheet" href="https://cdnjs.cloudflare.com/ajax/libs/twitter-bootstrap/4.6.0/css/bootstrap.min.css" integrity="sha512-P5MgMn1jBN01asBgU0z60Qk4QxiXo86+wlFahKrsQf37c9cro517WzVSPPV1tDKzhku2iJ2FVgL67wG03SGnNA==" crossorigin="anonymous">
  </head>
  <body>
    <div class="container">
      <div class="row sticky-top" style="background: white" id="summary">
        <div class="d-inline-flex align-items-baseline">
          <h1 class="mr-2">FUNCTION_CALL_EXPECTED</h1>
<a href="index.html">(back to diagnostic list)</a></div>
      </div>
      <div class="row">
        <ul>
          <li><strong>Total: </strong>22</li>
          <li><strong>Match %: </strong>0.00%</li>
          <li><a href="#matched"><strong># Matched: </strong>0</a></li>
          <li><strong># Non-matched: </strong>22</li>
          <li><a href="#missing"><strong># Missing: </strong>12</a></li>
          <li><a href="#unexpected"><strong># Unexpected: </strong>0</a></li>
          <li><a href="#mismatched"><strong># Mismatched: </strong>10</a></li>
          <li><strong># of Files: </strong>12</li>
        </ul>
      </div>
      <div class="row sticky-top" style="top: 3em; background: white" id="missing">
        <h2>Missing (12)</h2>
      </div>
      <div class="row">
        <ul>
          <li><a href="diffs/tests/typealias/innerTypeAliasConstructor.kt.html" target="_blank">tests/typealias/innerTypeAliasConstructor.kt (5)</a></li>
          <li><a href="diffs/tests/ResolveToJava.kt.html" target="_blank">tests/ResolveToJava.kt (2)</a></li>
          <li><a href="diffs/tests/incompleteCode/kt2014.kt.html" target="_blank">tests/incompleteCode/kt2014.kt (1)</a></li>
          <li><a href="diffs/tests/inference/regressions/kt34029.kt.html" target="_blank">tests/inference/regressions/kt34029.kt (1)</a></li>
          <li><a href="diffs/tests/regressions/kt10843.kt.html" target="_blank">tests/regressions/kt10843.kt (1)</a></li>
          <li><a href="diffs/tests/typealias/typeAliasArgumentsInCompanionObject.kt.html" target="_blank">tests/typealias/typeAliasArgumentsInCompanionObject.kt (1)</a></li>
          <li><a href="diffs/testsWithStdLib/inference/kt1558.kt.html" target="_blank">testsWithStdLib/inference/kt1558.kt (1)</a></li>
        </ul>
      </div>
      <div class="row sticky-top" style="top: 3em; background: white" id="mismatched">
        <h2>Mismatched (10)</h2>
      </div>
      <div class="row sticky-top" style="top: 5.5em; background: white">
        <h3>FUNCTION_CALL_EXPECTED -&gt; UNRESOLVED_REFERENCE (10)</h3>
      </div>
      <div class="row">
        <ul>
          <li><a href="diffs/tests/recovery/absentLeftHandSide.kt.html" target="_blank">tests/recovery/absentLeftHandSide.kt (4)</a></li>
          <li><a href="diffs/tests/testsWithJava15/jvmRecord/disabledFeature.kt.html" target="_blank">tests/testsWithJava15/jvmRecord/disabledFeature.kt (2)</a></li>
          <li><a href="diffs/tests/callableReference/bound/functionCallWithoutArguments.kt.html" target="_blank">tests/callableReference/bound/functionCallWithoutArguments.kt (1)</a></li>
          <li><a href="diffs/tests/incompleteCode/kt2014.kt.html" target="_blank">tests/incompleteCode/kt2014.kt (1)</a></li>
          <li><a href="diffs/tests/resolve/invoke/invokeOnVariableWithExtensionFunctionType.kt.html" target="_blank">tests/resolve/invoke/invokeOnVariableWithExtensionFunctionType.kt (1)</a></li>
          <li><a href="diffs/tests/syntheticExtensions/javaProperties/IsNaming.kt.html" target="_blank">tests/syntheticExtensions/javaProperties/IsNaming.kt (1)</a></li>
        </ul>
      </div>
    </div>
  </body>
</html>
