<html>
  <head>
    <title>Diagnostics diff: VARIABLE_EXPECTED</title>
    <meta charset="utf-8">
    <script src="https://cdnjs.cloudflare.com/ajax/libs/jquery/3.6.0/jquery.min.js" integrity="sha512-894YE6QWD5I59HgZOGReFYm4dnWc1Qt5NtvYSaNcOP+u1T9qYdvdihz0PPSiiqn/+/3e7Jo4EaG7TubfWGUrMQ==" crossorigin="anonymous"></script>
    <link rel="stylesheet" href="https://cdnjs.cloudflare.com/ajax/libs/twitter-bootstrap/4.6.0/css/bootstrap.min.css" integrity="sha512-P5MgMn1jBN01asBgU0z60Qk4QxiXo86+wlFahKrsQf37c9cro517WzVSPPV1tDKzhku2iJ2FVgL67wG03SGnNA==" crossorigin="anonymous">
  </head>
  <body>
    <div class="container">
      <div class="row sticky-top" style="background: white" id="summary">
        <div class="d-inline-flex align-items-baseline">
          <h1 class="mr-2">VARIABLE_EXPECTED</h1>
<a href="index.html">(back to diagnostic list)</a></div>
      </div>
      <div class="row">
        <ul>
          <li><strong>Total: </strong>33</li>
          <li><strong>Match %: </strong>60.61%</li>
          <li><a href="#matched"><strong># Matched: </strong>20</a></li>
          <li><strong># Non-matched: </strong>13</li>
          <li><a href="#missing"><strong># Missing: </strong>3</a></li>
          <li><a href="#unexpected"><strong># Unexpected: </strong>8</a></li>
          <li><a href="#mismatched"><strong># Mismatched: </strong>2</a></li>
          <li><strong># of Files: </strong>9</li>
        </ul>
      </div>
      <div class="row sticky-top" style="top: 3em; background: white" id="missing">
        <h2>Missing (3)</h2>
      </div>
      <div class="row">
        <ul>
          <li><a href="diffs/tests/LValueAssignment.kt.html" target="_blank">tests/LValueAssignment.kt (2)</a></li>
          <li><a href="diffs/tests/resolve/HiddenDeclarations.kt.html" target="_blank">tests/resolve/HiddenDeclarations.kt (1)</a></li>
        </ul>
      </div>
      <div class="row sticky-top" style="top: 3em; background: white" id="unexpected">
        <h2>Unexpected (8)</h2>
      </div>
      <div class="row">
        <ul>
          <li><a href="diffs/tests/LValueAssignment.kt.html" target="_blank">tests/LValueAssignment.kt (4)</a></li>
          <li><a href="diffs/tests/callableReference/unsupported/localVariableWithSubstitution.kt.html" target="_blank">tests/callableReference/unsupported/localVariableWithSubstitution.kt (1)</a></li>
          <li><a href="diffs/tests/callableReference/unsupported/parameterWithSubstitution.kt.html" target="_blank">tests/callableReference/unsupported/parameterWithSubstitution.kt (1)</a></li>
          <li><a href="diffs/tests/dataFlowInfoTraversal/AssignmentOperation.kt.html" target="_blank">tests/dataFlowInfoTraversal/AssignmentOperation.kt (1)</a></li>
          <li><a href="diffs/tests/incompleteCode/incompleteAssignment.kt.html" target="_blank">tests/incompleteCode/incompleteAssignment.kt (1)</a></li>
        </ul>
      </div>
      <div class="row sticky-top" style="top: 3em; background: white" id="mismatched">
        <h2>Mismatched (2)</h2>
      </div>
      <div class="row sticky-top" style="top: 5.5em; background: white">
        <h3>VARIABLE_EXPECTED -&gt; UNRESOLVED_REFERENCE (2)</h3>
      </div>
      <div class="row">
        <ul>
          <li><a href="diffs/tests/controlFlowAnalysis/kt2330.kt.html" target="_blank">tests/controlFlowAnalysis/kt2330.kt (1)</a></li>
          <li><a href="diffs/tests/regressions/kt10243.kt.html" target="_blank">tests/regressions/kt10243.kt (1)</a></li>
        </ul>
      </div>
      <div class="row sticky-top" style="top: 3em; background: white" id="matched">
        <h2>Matched (20)</h2>
      </div>
      <div class="row">
        <ul>
          <li><a href="diffs/tests/LValueAssignment.kt.html" target="_blank">tests/LValueAssignment.kt (15)</a></li>
          <li><a href="diffs/tests/operatorsOverloading/AssignmentOperations.kt.html" target="_blank">tests/operatorsOverloading/AssignmentOperations.kt (5)</a></li>
        </ul>
      </div>
    </div>
  </body>
</html>
