<html>
  <head>
    <title>Diagnostics diff: PRIMARY_CONSTRUCTOR_DELEGATION_CALL_EXPECTED</title>
    <meta charset="utf-8">
    <script src="https://cdnjs.cloudflare.com/ajax/libs/jquery/3.6.0/jquery.min.js" integrity="sha512-894YE6QWD5I59HgZOGReFYm4dnWc1Qt5NtvYSaNcOP+u1T9qYdvdihz0PPSiiqn/+/3e7Jo4EaG7TubfWGUrMQ==" crossorigin="anonymous"></script>
    <link rel="stylesheet" href="https://cdnjs.cloudflare.com/ajax/libs/twitter-bootstrap/4.6.0/css/bootstrap.min.css" integrity="sha512-P5MgMn1jBN01asBgU0z60Qk4QxiXo86+wlFahKrsQf37c9cro517WzVSPPV1tDKzhku2iJ2FVgL67wG03SGnNA==" crossorigin="anonymous">
  </head>
  <body>
    <div class="container">
      <div class="row" id="summary">
        <h1>PRIMARY_CONSTRUCTOR_DELEGATION_CALL_EXPECTED</h1>
      </div>
      <div class="row">
        <ul>
          <li><strong>Total: </strong>8</li>
          <li><strong>Match %: </strong>75.00%</li>
          <li><a href="#matched"><strong># Matched: </strong>6</a></li>
          <li><strong># Non-matched: </strong>2</li>
          <li><a href="#missing"><strong># Missing: </strong>0</a></li>
          <li><a href="#unexpected"><strong># Unexpected: </strong>2</a></li>
          <li><a href="#mismatched"><strong># Mismatched: </strong>0</a></li>
          <li><strong># of Files: </strong>8</li>
        </ul>
      </div>
      <div class="row" id="unexpected">
        <h2>Unexpected (2)</h2>
      </div>
      <div class="row">
        <ul>
          <li><a href="viewDiff.html?expected=tests%2FsecondaryConstructors%2Fenums.kt&amp;actual=tests%2FsecondaryConstructors%2Fenums.fir.kt" target="_blank">tests/secondaryConstructors/enums.kt (1)</a></li>
          <li><a href="viewDiff.html?expected=tests%2Fmultiplatform%2FnamedArguments.kt&amp;actual=tests%2Fmultiplatform%2FnamedArguments.fir.kt" target="_blank">tests/multiplatform/namedArguments.kt (1)</a></li>
        </ul>
      </div>
      <div class="row" id="matched">
        <h2>Matched (6)</h2>
      </div>
      <div class="row">
        <ul>
          <li><a href="viewDiff.html?expected=tests%2Fenum%2FsecondaryConstructorWithoutDelegatingToPrimaryOneWithEnabledFeature.kt&amp;actual=tests%2Fenum%2FsecondaryConstructorWithoutDelegatingToPrimaryOneWithEnabledFeature.fir.kt" target="_blank">tests/enum/secondaryConstructorWithoutDelegatingToPrimaryOneWithEnabledFeature.kt (3)</a></li>
          <li><a href="viewDiff.html?expected=tests%2FsecondaryConstructors%2FexpectedPrimaryConstructorCall.kt&amp;actual=tests%2FsecondaryConstructors%2FexpectedPrimaryConstructorCall.kt" target="_blank">tests/secondaryConstructors/expectedPrimaryConstructorCall.kt (2)</a></li>
          <li><a href="viewDiff.html?expected=tests%2FsecondaryConstructors%2FimplicitSuperCallErrorsIfPrimary.kt&amp;actual=tests%2FsecondaryConstructors%2FimplicitSuperCallErrorsIfPrimary.kt" target="_blank">tests/secondaryConstructors/implicitSuperCallErrorsIfPrimary.kt (1)</a></li>
        </ul>
      </div>
    </div>
  </body>
</html>
