<html>
  <head>
    <title>Diagnostics diff: PRIMARY_CONSTRUCTOR_DELEGATION_CALL_EXPECTED</title>
    <meta charset="utf-8">
    <script src="https://cdnjs.cloudflare.com/ajax/libs/jquery/3.6.0/jquery.min.js" integrity="sha512-894YE6QWD5I59HgZOGReFYm4dnWc1Qt5NtvYSaNcOP+u1T9qYdvdihz0PPSiiqn/+/3e7Jo4EaG7TubfWGUrMQ==" crossorigin="anonymous"></script>
    <script src="https://cdnjs.cloudflare.com/ajax/libs/twitter-bootstrap/4.6.0/js/bootstrap.min.js" integrity="sha512-XKa9Hemdy1Ui3KSGgJdgMyYlUg1gM+QhL6cnlyTe2qzMCYm4nAZ1PsVerQzTTXzonUR+dmswHqgJPuwCq1MaAg==" crossorigin="anonymous"></script>
    <link rel="stylesheet" href="https://cdnjs.cloudflare.com/ajax/libs/twitter-bootstrap/4.6.0/css/bootstrap.min.css" integrity="sha512-P5MgMn1jBN01asBgU0z60Qk4QxiXo86+wlFahKrsQf37c9cro517WzVSPPV1tDKzhku2iJ2FVgL67wG03SGnNA==" crossorigin="anonymous">
  </head>
  <body>
    <div class="container">
      <div class="row sticky-top" style="background: white" id="summary">
        <div class="d-inline-flex align-items-baseline">
          <h1 class="mr-2">PRIMARY_CONSTRUCTOR_DELEGATION_CALL_EXPECTED</h1>
<a href="index.html">(back to diagnostic list)</a></div>
      </div>
      <div class="row">
        <ul>
          <li><strong>Total: </strong>13</li>
          <li><strong>Match %: </strong>46.15%</li>
          <li><a href="#matched"><strong># Matched: </strong>6</a></li>
          <li><strong># Non-matched: </strong>7</li>
          <li><a href="#missing"><strong># Missing: </strong>0</a></li>
          <li><a href="#unexpected"><strong># Unexpected: </strong>2</a></li>
          <li><a href="#mismatched"><strong># Mismatched: </strong>5</a></li>
          <li><strong># Files: </strong>8</li>
        </ul>
      </div>
      <div class="row sticky-top" style="top: 3em; background: white" id="unexpected">
        <h2>Unexpected (2)</h2>
      </div>
      <div class="row">
        <ul>
          <li><a href="diff-tests__multiplatform__namedArguments.kt.html" target="_blank">tests/multiplatform/namedArguments.kt (1)</a></li>
          <li><a href="diff-tests__secondaryConstructors__enums.kt.html" target="_blank">tests/secondaryConstructors/enums.kt (1)</a></li>
        </ul>
      </div>
      <div class="row sticky-top" style="top: 3em; background: white" id="mismatched">
        <h2>Mismatched (5)</h2>
      </div>
      <div class="row sticky-top" style="top: 5.5em; background: white">
        <h5>PRIMARY_CONSTRUCTOR_DELEGATION_CALL_EXPECTED_IN_ENUM → PRIMARY_CONSTRUCTOR_DELEGATION_CALL_EXPECTED (3)</h5>
      </div>
      <div class="row">
        <ul>
          <li><a href="diff-tests__enum__secondaryConstructorWithoutDelegatingToPrimaryOne.kt.html" target="_blank">tests/enum/secondaryConstructorWithoutDelegatingToPrimaryOne.kt (3)</a></li>
        </ul>
      </div>
      <div class="row sticky-top" style="top: 5.5em; background: white">
        <h5>EXPECTED_DECLARATION_WITH_BODY → PRIMARY_CONSTRUCTOR_DELEGATION_CALL_EXPECTED (1)</h5>
      </div>
      <div class="row">
        <ul>
          <li><a href="diff-tests__multiplatform__headerClass__headerClassWithFunctionBody.kt.html" target="_blank">tests/multiplatform/headerClass/headerClassWithFunctionBody.kt (1)</a></li>
        </ul>
      </div>
      <div class="row sticky-top" style="top: 5.5em; background: white">
        <h5>EXPECTED_ENUM_CONSTRUCTOR → PRIMARY_CONSTRUCTOR_DELEGATION_CALL_EXPECTED (1)</h5>
      </div>
      <div class="row">
        <ul>
          <li><a href="diff-tests__multiplatform__enum__constructorInHeaderEnum.kt.html" target="_blank">tests/multiplatform/enum/constructorInHeaderEnum.kt (1)</a></li>
        </ul>
      </div>
      <div class="row sticky-top" style="top: 3em; background: white" id="matched">
        <h2>Matched (6)</h2>
      </div>
      <div class="row">
        <ul>
          <li><a href="diff-tests__enum__secondaryConstructorWithoutDelegatingToPrimaryOneWithEnabledFeature.kt.html" target="_blank">tests/enum/secondaryConstructorWithoutDelegatingToPrimaryOneWithEnabledFeature.kt (3)</a></li>
          <li><a href="diff-tests__secondaryConstructors__expectedPrimaryConstructorCall.kt.html" target="_blank">tests/secondaryConstructors/expectedPrimaryConstructorCall.kt (2)</a></li>
          <li><a href="diff-tests__secondaryConstructors__implicitSuperCallErrorsIfPrimary.kt.html" target="_blank">tests/secondaryConstructors/implicitSuperCallErrorsIfPrimary.kt (1)</a></li>
        </ul>
      </div>
    </div>
  </body>
</html>
