<html>
  <head>
    <title>Diagnostics diff: EXPRESSION_EXPECTED</title>
    <meta charset="utf-8">
    <script src="https://cdnjs.cloudflare.com/ajax/libs/jquery/3.6.0/jquery.min.js" integrity="sha512-894YE6QWD5I59HgZOGReFYm4dnWc1Qt5NtvYSaNcOP+u1T9qYdvdihz0PPSiiqn/+/3e7Jo4EaG7TubfWGUrMQ==" crossorigin="anonymous"></script>
    <link rel="stylesheet" href="https://cdnjs.cloudflare.com/ajax/libs/twitter-bootstrap/4.6.0/css/bootstrap.min.css" integrity="sha512-P5MgMn1jBN01asBgU0z60Qk4QxiXo86+wlFahKrsQf37c9cro517WzVSPPV1tDKzhku2iJ2FVgL67wG03SGnNA==" crossorigin="anonymous">
  </head>
  <body>
    <div class="container">
      <div class="row" id="summary">
        <h1>EXPRESSION_EXPECTED</h1>
      </div>
      <div class="row">
        <ul>
          <li><strong>Total: </strong>6</li>
          <li><strong>Match %: </strong>0.00%</li>
          <li><a href="#matched"><strong># Matched: </strong>0</a></li>
          <li><strong># Non-matched: </strong>6</li>
          <li><a href="#missing"><strong># Missing: </strong>3</a></li>
          <li><a href="#unexpected"><strong># Unexpected: </strong>0</a></li>
          <li><a href="#mismatched"><strong># Mismatched: </strong>3</a></li>
          <li><strong># of Files: </strong>2</li>
        </ul>
      </div>
      <div class="row" id="missing">
        <h2>Missing (3)</h2>
      </div>
      <div class="row">
        <ul>
          <li><a href="viewDiff.html?prefix=testData&amp;expected=tests%2FcontrolStructures%2FForbidStatementAsDirectFunctionBody.kt&amp;actual=tests%2FcontrolStructures%2FForbidStatementAsDirectFunctionBody.fir.kt" target="_blank">tests/controlStructures/ForbidStatementAsDirectFunctionBody.kt (2)</a></li>
          <li><a href="viewDiff.html?prefix=testData&amp;expected=tests%2FcontrolStructures%2Fkt770.kt351.kt735_StatementType.kt&amp;actual=tests%2FcontrolStructures%2Fkt770.kt351.kt735_StatementType.fir.kt" target="_blank">tests/controlStructures/kt770.kt351.kt735_StatementType.kt (1)</a></li>
        </ul>
      </div>
      <div class="row" id="mismatched">
        <h2>Mismatched (3)</h2>
      </div>
      <div class="row">
        <h3>EXPRESSION_EXPECTED -&gt; EXPRESSION_REQUIRED (3)</h3>
      </div>
      <div class="row">
        <ul>
          <li><a href="viewDiff.html?prefix=testData&amp;expected=tests%2FcontrolStructures%2Fkt770.kt351.kt735_StatementType.kt&amp;actual=tests%2FcontrolStructures%2Fkt770.kt351.kt735_StatementType.fir.kt" target="_blank">tests/controlStructures/kt770.kt351.kt735_StatementType.kt (3)</a></li>
        </ul>
      </div>
    </div>
  </body>
</html>
