<html>
  <head>
    <title>Diagnostics diff: VARIABLE_EXPECTED</title>
    <meta charset="utf-8">
    <script src="https://cdnjs.cloudflare.com/ajax/libs/jquery/3.6.0/jquery.min.js" integrity="sha512-894YE6QWD5I59HgZOGReFYm4dnWc1Qt5NtvYSaNcOP+u1T9qYdvdihz0PPSiiqn/+/3e7Jo4EaG7TubfWGUrMQ==" crossorigin="anonymous"></script>
    <link rel="stylesheet" href="https://cdnjs.cloudflare.com/ajax/libs/twitter-bootstrap/4.6.0/css/bootstrap.min.css" integrity="sha512-P5MgMn1jBN01asBgU0z60Qk4QxiXo86+wlFahKrsQf37c9cro517WzVSPPV1tDKzhku2iJ2FVgL67wG03SGnNA==" crossorigin="anonymous">
  </head>
  <body>
    <div class="container">
      <div class="row" id="summary">
        <h1>VARIABLE_EXPECTED</h1>
      </div>
      <div class="row">
        <ul>
          <li><strong>Total: </strong>35</li>
          <li><strong>Match %: </strong>57.14%</li>
          <li><a href="#matched"><strong># Matched: </strong>20</a></li>
          <li><strong># Non-matched: </strong>15</li>
          <li><a href="#missing"><strong># Missing: </strong>3</a></li>
          <li><a href="#unexpected"><strong># Unexpected: </strong>10</a></li>
          <li><a href="#mismatched"><strong># Mismatched: </strong>2</a></li>
          <li><strong># of Files: </strong>12</li>
        </ul>
      </div>
      <div class="row" id="missing">
        <h2>Missing (3)</h2>
      </div>
      <div class="row">
        <ul>
          <li><a href="viewDiff.html?prefix=testData&amp;expected=tests%2FLValueAssignment.kt&amp;actual=tests%2FLValueAssignment.fir.kt" target="_blank">tests/LValueAssignment.kt (2)</a></li>
          <li><a href="viewDiff.html?prefix=testData&amp;expected=tests%2Fresolve%2FHiddenDeclarations.kt&amp;actual=tests%2Fresolve%2FHiddenDeclarations.fir.kt" target="_blank">tests/resolve/HiddenDeclarations.kt (1)</a></li>
        </ul>
      </div>
      <div class="row" id="unexpected">
        <h2>Unexpected (10)</h2>
      </div>
      <div class="row">
        <ul>
          <li><a href="viewDiff.html?prefix=testData&amp;expected=tests%2FLValueAssignment.kt&amp;actual=tests%2FLValueAssignment.fir.kt" target="_blank">tests/LValueAssignment.kt (5)</a></li>
          <li><a href="viewDiff.html?prefix=testData&amp;expected=tests%2FcontrolFlowAnalysis%2FUninitializedOrReassignedVariables.kt&amp;actual=tests%2FcontrolFlowAnalysis%2FUninitializedOrReassignedVariables.fir.kt" target="_blank">tests/controlFlowAnalysis/UninitializedOrReassignedVariables.kt (1)</a></li>
          <li><a href="viewDiff.html?prefix=testData&amp;expected=tests%2FincompleteCode%2FincompleteAssignment.kt&amp;actual=tests%2FincompleteCode%2FincompleteAssignment.fir.kt" target="_blank">tests/incompleteCode/incompleteAssignment.kt (1)</a></li>
          <li><a href="viewDiff.html?prefix=testData&amp;expected=tests%2FdataFlowInfoTraversal%2FAssignmentOperation.kt&amp;actual=tests%2FdataFlowInfoTraversal%2FAssignmentOperation.fir.kt" target="_blank">tests/dataFlowInfoTraversal/AssignmentOperation.kt (1)</a></li>
          <li><a href="viewDiff.html?prefix=testData&amp;expected=tests%2FcallableReference%2Funsupported%2FparameterWithSubstitution.kt&amp;actual=tests%2FcallableReference%2Funsupported%2FparameterWithSubstitution.fir.kt" target="_blank">tests/callableReference/unsupported/parameterWithSubstitution.kt (1)</a></li>
          <li><a href="viewDiff.html?prefix=testData&amp;expected=tests%2FcallableReference%2Funsupported%2FlocalVariableWithSubstitution.kt&amp;actual=tests%2FcallableReference%2Funsupported%2FlocalVariableWithSubstitution.fir.kt" target="_blank">tests/callableReference/unsupported/localVariableWithSubstitution.kt (1)</a></li>
        </ul>
      </div>
      <div class="row" id="mismatched">
        <h2>Mismatched (2)</h2>
      </div>
      <div class="row">
        <h3>VARIABLE_EXPECTED -&gt; UNRESOLVED_REFERENCE (2)</h3>
      </div>
      <div class="row">
        <ul>
          <li><a href="viewDiff.html?prefix=testData&amp;expected=tests%2FcontrolFlowAnalysis%2Fkt2330.kt&amp;actual=tests%2FcontrolFlowAnalysis%2Fkt2330.fir.kt" target="_blank">tests/controlFlowAnalysis/kt2330.kt (1)</a></li>
          <li><a href="viewDiff.html?prefix=testData&amp;expected=tests%2Fregressions%2Fkt10243.kt&amp;actual=tests%2Fregressions%2Fkt10243.fir.kt" target="_blank">tests/regressions/kt10243.kt (1)</a></li>
        </ul>
      </div>
      <div class="row" id="matched">
        <h2>Matched (20)</h2>
      </div>
      <div class="row">
        <ul>
          <li><a href="viewDiff.html?prefix=testData&amp;expected=tests%2FLValueAssignment.kt&amp;actual=tests%2FLValueAssignment.fir.kt" target="_blank">tests/LValueAssignment.kt (15)</a></li>
          <li><a href="viewDiff.html?prefix=testData&amp;expected=tests%2FoperatorsOverloading%2FAssignmentOperations.kt&amp;actual=tests%2FoperatorsOverloading%2FAssignmentOperations.kt" target="_blank">tests/operatorsOverloading/AssignmentOperations.kt (5)</a></li>
        </ul>
      </div>
    </div>
  </body>
</html>
